{"concurrency_id":"769d16d9-94fb-4edb-8b55-4e8c38551241","trace_id":"TRACE_CONCURRENT_001","operator_id":"OPERATOR_3","state":"GOVERNANCE_VISIBLE","timestamp":"2026-05-11T05:11:12.807Z","sequence":1,"last_heartbeat":"2026-05-11T05:11:12.808Z","stale_session":false,"conflicting_update":false}
{"concurrency_id":"0158ae4c-f504-4434-bc19-73a2e0331b03","trace_id":"TRACE_CONCURRENT_001","operator_id":"OPERATOR_3","state":"ESCALATION_CREATED","timestamp":"2026-05-11T05:11:13.309Z","sequence":2,"last_heartbeat":"2026-05-11T05:11:12.809Z","stale_session":false,"conflicting_update":false}
{"concurrency_id":"a81c6c75-189c-45a7-8e2a-eedff6f40770","trace_id":"TRACE_CONCURRENT_001","operator_id":"OPERATOR_1","state":"ESCALATION_CREATED","timestamp":"2026-05-11T05:11:13.809Z","sequence":3,"last_heartbeat":"2026-05-11T05:11:12.809Z","stale_session":false,"conflicting_update":false}
{"concurrency_id":"267e19d6-cb13-433a-9ca1-c4895c8d5e63","trace_id":"TRACE_CONCURRENT_001","operator_id":"OPERATOR_1","state":"GOVERNANCE_VISIBLE","timestamp":"2026-05-11T05:11:14.310Z","sequence":4,"last_heartbeat":"2026-05-11T05:11:12.810Z","stale_session":false,"conflicting_update":false}
{"concurrency_id":"9bba0a10-123e-4d25-81c6-8b17e246db41","trace_id":"TRACE_CONCURRENT_001","operator_id":"OPERATOR_3","state":"GOVERNANCE_VISIBLE","timestamp":"2026-05-11T05:11:14.810Z","sequence":5,"last_heartbeat":"2026-05-11T05:11:12.810Z","stale_session":false,"conflicting_update":false}
{"concurrency_id":"107c5b3c-3182-4e37-b22a-1f7f261f393c","trace_id":"TRACE_CONCURRENT_001","operator_id":"OPERATOR_3","state":"ESCALATION_CREATED","timestamp":"2026-05-11T05:11:15.310Z","sequence":6,"last_heartbeat":"2026-05-11T05:11:12.810Z","stale_session":false,"conflicting_update":false}
{"concurrency_id":"ec7f5c9c-1751-400d-ba8c-2a3ca2666752","trace_id":"TRACE_CONCURRENT_001","operator_id":"OPERATOR_1","state":"ENFORCEMENT_ROUTED","timestamp":"2026-05-11T05:11:15.810Z","sequence":7,"last_heartbeat":"2026-05-11T05:11:12.810Z","stale_session":false,"conflicting_update":false}
{"concurrency_id":"bea015f1-b484-4515-a147-8ace53c7bedd","trace_id":"TRACE_CONCURRENT_001","operator_id":"OPERATOR_3","state":"EXECUTION_ACKNOWLEDGED","timestamp":"2026-05-11T05:11:16.310Z","sequence":8,"last_heartbeat":"2026-05-11T05:11:12.810Z","stale_session":false,"conflicting_update":false}
{"concurrency_id":"cc362bb3-8d40-4505-9a8e-afef23a6b3a3","trace_id":"TRACE_CONCURRENT_001","operator_id":"OPERATOR_2","state":"GOVERNANCE_VISIBLE","timestamp":"2026-05-11T05:11:16.811Z","sequence":9,"last_heartbeat":"2026-05-11T05:11:12.811Z","stale_session":false,"conflicting_update":false}
{"concurrency_id":"71ac7d10-9238-43dc-8ff2-080274117e22","trace_id":"TRACE_CONCURRENT_001","operator_id":"OPERATOR_2","state":"EXECUTION_ACKNOWLEDGED","timestamp":"2026-05-11T05:11:17.311Z","sequence":10,"last_heartbeat":"2026-05-11T05:11:12.811Z","stale_session":false,"conflicting_update":false}
{"concurrency_id":"0d55a818-0ad4-432e-b5f0-71eaf56dbfbb","trace_id":"TRACE_CONCURRENT_001","operator_id":"OPERATOR_1","state":"ESCALATION_CREATED","timestamp":"2026-05-11T05:11:17.811Z","sequence":11,"last_heartbeat":"2026-05-11T05:11:12.811Z","stale_session":false,"conflicting_update":false}
{"concurrency_id":"c497e8ac-81eb-4b5f-b55a-e25719267f91","trace_id":"TRACE_CONCURRENT_001","operator_id":"OPERATOR_2","state":"EXECUTION_ACKNOWLEDGED","timestamp":"2026-05-11T05:11:18.311Z","sequence":12,"last_heartbeat":"2026-05-11T05:11:12.811Z","stale_session":false,"conflicting_update":false}
{"concurrency_id":"ef3d8543-42b9-46aa-b375-b9b60e0bebd2","trace_id":"TRACE_CONCURRENT_001","operator_id":"OPERATOR_1","state":"GOVERNANCE_VISIBLE","timestamp":"2026-05-11T05:11:18.811Z","sequence":13,"last_heartbeat":"2026-05-11T05:11:12.811Z","stale_session":false,"conflicting_update":false}
{"concurrency_id":"820fdaae-1d5a-4532-b36f-791b5303da86","trace_id":"TRACE_CONCURRENT_001","operator_id":"OPERATOR_3","state":"ENFORCEMENT_ROUTED","timestamp":"2026-05-11T05:11:19.312Z","sequence":14,"last_heartbeat":"2026-05-11T05:11:12.812Z","stale_session":false,"conflicting_update":false}
{"concurrency_id":"15f119a9-c1e3-4a6f-9fb6-702679f973a6","trace_id":"TRACE_CONCURRENT_001","operator_id":"OPERATOR_2","state":"GOVERNANCE_VISIBLE","timestamp":"2026-05-11T05:11:19.812Z","sequence":15,"last_heartbeat":"2026-05-11T05:11:12.812Z","stale_session":false,"conflicting_update":false}
{"concurrency_id":"c5b5b755-01d9-4278-9955-a3cceeacb97e","trace_id":"TRACE_CONCURRENT_001","operator_id":"OPERATOR_3","state":"EXECUTION_ACKNOWLEDGED","timestamp":"2026-05-11T05:11:20.312Z","sequence":16,"last_heartbeat":"2026-05-11T05:11:12.812Z","stale_session":false,"conflicting_update":false}
{"concurrency_id":"b2967afd-fbcc-41e1-bf96-b81519a604bd","trace_id":"TRACE_CONCURRENT_001","operator_id":"OPERATOR_3","state":"ENFORCEMENT_ROUTED","timestamp":"2026-05-11T05:11:20.812Z","sequence":17,"last_heartbeat":"2026-05-11T05:11:12.812Z","stale_session":false,"conflicting_update":false}
{"concurrency_id":"fc8aa61a-d354-48d3-a9ba-be69c8c2f20a","trace_id":"TRACE_CONCURRENT_001","operator_id":"OPERATOR_3","state":"GOVERNANCE_VISIBLE","timestamp":"2026-05-11T05:11:21.312Z","sequence":18,"last_heartbeat":"2026-05-11T05:11:12.812Z","stale_session":false,"conflicting_update":false}
{"concurrency_id":"7a6e7231-30fe-406f-b553-f0230ac4b14a","trace_id":"TRACE_CONCURRENT_001","operator_id":"OPERATOR_2","state":"GOVERNANCE_VISIBLE","timestamp":"2026-05-11T05:11:21.812Z","sequence":19,"last_heartbeat":"2026-05-11T05:11:12.812Z","stale_session":false,"conflicting_update":false}
{"concurrency_id":"d0552b7d-c1c5-4c89-9118-9c0131a8b57b","trace_id":"TRACE_CONCURRENT_001","operator_id":"OPERATOR_3","state":"EXECUTION_ACKNOWLEDGED","timestamp":"2026-05-11T05:11:22.313Z","sequence":20,"last_heartbeat":"2026-05-11T05:11:12.813Z","stale_session":false,"conflicting_update":false}
